[mco2token.moss.earth/pt-br.html]
[backblue.gif]
[fade.gif]
[index.html]
[v.fastcdn.co/u/f3b4407f/54197611-0-Group-336.jpg]
[g.fastcdn.co/js/utils.c997ba789ee31fe61b1e.js]
[g.fastcdn.co/js/Cradle.c9144221d5b5d6147353.js]
[g.fastcdn.co/js/UserConsent.1b63085399d1a334823a.js]
[v.fastcdn.co/u/f3b4407f/60761916-0-background.jpg]
[cdn.instapagemetrics.com/t/js/3/it.js]
[g.fastcdn.co/js/sptw.f58afe926be16f9087f6.js]
[g.fastcdn.co/js/cm.js]
[js.hs-scripts.com/7923940.js]
[v.fastcdn.co/u/f3b4407f/60329550-0-color--dark.png]
[v.fastcdn.co/u/f3b4407f/54331201-0-seta.png]
[v.fastcdn.co/u/f3b4407f/60329670-0-color--dark.png]
[v.fastcdn.co/u/f3b4407f/60333115-0-Twitter.png]
[mco2token.moss.earth/index.html]
[mco2token.moss.earth/es.html]
[v.fastcdn.co/u/f3b4407f/60333105-0-telegram.png]
[v.fastcdn.co/u/f3b4407f/60333110-0-reddit.png]
[v.fastcdn.co/u/f3b4407f/60333100-0-Linkedin.png]
[v.fastcdn.co/u/f3b4407f/60333095-0-Instagram.png]
[v.fastcdn.co/u/f3b4407f/60333090-0-faebook.png]
[v.fastcdn.co/u/f3b4407f/60333120-0-Youtube.png]
[v.fastcdn.co/u/f3b4407f/60934751-0-discord-color-seeklo.png]
[g.fastcdn.co/js/LazyImage.59626ef3f961b8927cb6.js]
[g.fastcdn.co/js/Form.3fd784d2583a7f2b41b1.js]
[mco2token.moss.earth/pt-br.html]
[heatmap-events-collector.instapage.com/static/lib.js]
[www.googletagmanager.com/gtm5445.html]
[mco2token.moss.earth/index.html]
[mco2token.moss.earth/es.html]
